{
  "version": "1.5.0",
  "plugins_used": [
    {
      "name": "ArtifactoryDetector"
    },
    {
      "name": "AWSKeyDetector"
    },
    {
      "name": "AzureStorageKeyDetector"
    },
    {
      "name": "Base64HighEntropyString",
      "limit": 4.5
    },
    {
      "name": "BasicAuthDetector"
    },
    {
      "name": "CloudantDetector"
    },
    {
      "name": "DiscordBotTokenDetector"
    },
    {
      "name": "GitHubTokenDetector"
    },
    {
      "name": "GitLabTokenDetector"
    },
    {
      "name": "HexHighEntropyString",
      "limit": 3.0
    },
    {
      "name": "IbmCloudIamDetector"
    },
    {
      "name": "IbmCosHmacDetector"
    },
    {
      "name": "IPPublicDetector"
    },
    {
      "name": "JwtTokenDetector"
    },
    {
      "name": "KeywordDetector",
      "keyword_exclude": ""
    },
    {
      "name": "MailchimpDetector"
    },
    {
      "name": "NpmDetector"
    },
    {
      "name": "OpenAIDetector"
    },
    {
      "name": "PrivateKeyDetector"
    },
    {
      "name": "PypiTokenDetector"
    },
    {
      "name": "SendGridDetector"
    },
    {
      "name": "SlackDetector"
    },
    {
      "name": "SoftlayerDetector"
    },
    {
      "name": "SquareOAuthDetector"
    },
    {
      "name": "StripeDetector"
    },
    {
      "name": "TelegramBotTokenDetector"
    },
    {
      "name": "TwilioKeyDetector"
    }
  ],
  "filters_used": [
    {
      "path": "detect_secrets.filters.allowlist.is_line_allowlisted"
    },
    {
      "path": "detect_secrets.filters.common.is_ignored_due_to_verification_policies",
      "min_level": 2
    },
    {
      "path": "detect_secrets.filters.heuristic.is_indirect_reference"
    },
    {
      "path": "detect_secrets.filters.heuristic.is_likely_id_string"
    },
    {
      "path": "detect_secrets.filters.heuristic.is_lock_file"
    },
    {
      "path": "detect_secrets.filters.heuristic.is_not_alphanumeric_string"
    },
    {
      "path": "detect_secrets.filters.heuristic.is_potential_uuid"
    },
    {
      "path": "detect_secrets.filters.heuristic.is_prefixed_with_dollar_sign"
    },
    {
      "path": "detect_secrets.filters.heuristic.is_sequential_string"
    },
    {
      "path": "detect_secrets.filters.heuristic.is_swagger_file"
    },
    {
      "path": "detect_secrets.filters.heuristic.is_templated_secret"
    },
    {
      "path": "detect_secrets.filters.regex.should_exclude_file",
      "pattern": [
        "(^|/)(node_modules|.git|.turbo|dist|build|coverage|.next|.vercel|.pnpm-store|audit|.cache|tmp|test-results)/"
      ]
    }
  ],
  "results": {
    "apps/gateway/.env.example": [
      {
        "type": "Secret Keyword",
        "filename": "apps/gateway/.env.example",
        "hashed_secret": "091a02ddc1f6b3fe48318215b338ab3d41f8b8fa",
        "is_verified": false,
        "line_number": 20
      },
      {
        "type": "Basic Auth Credentials",
        "filename": "apps/gateway/.env.example",
        "hashed_secret": "5baa61e4c9b93f3f0682250b6cf8331b7ee68fd8",
        "is_verified": false,
        "line_number": 22
      }
    ],
    "apps/web/.env.example": [
      {
        "type": "Basic Auth Credentials",
        "filename": "apps/web/.env.example",
        "hashed_secret": "5baa61e4c9b93f3f0682250b6cf8331b7ee68fd8",
        "is_verified": false,
        "line_number": 44
      }
    ],
    "apps/web/.env.local.example": [
      {
        "type": "Secret Keyword",
        "filename": "apps/web/.env.local.example",
        "hashed_secret": "2396848a5c7089ad4aca6266be0641f36b3c9acd",
        "is_verified": false,
        "line_number": 7
      },
      {
        "type": "Basic Auth Credentials",
        "filename": "apps/web/.env.local.example",
        "hashed_secret": "afc848c316af1a89d49826c5ae9d00ed769415f3",
        "is_verified": false,
        "line_number": 26
      },
      {
        "type": "Secret Keyword",
        "filename": "apps/web/.env.local.example",
        "hashed_secret": "2d4170e56ec5eb379ab8f219e47d08f31d26befc",
        "is_verified": false,
        "line_number": 33
      }
    ],
    "apps/web/public/sw.js": [
      {
        "type": "Hex High Entropy String",
        "filename": "apps/web/public/sw.js",
        "hashed_secret": "01863aaf7984556e155ce0d18030a3f2fa68fc2e",
        "is_verified": false,
        "line_number": 1
      },
      {
        "type": "Hex High Entropy String",
        "filename": "apps/web/public/sw.js",
        "hashed_secret": "02dc43dea5a357be02e65d38599cded579a7f6bc",
        "is_verified": false,
        "line_number": 1
      },
      {
        "type": "Hex High Entropy String",
        "filename": "apps/web/public/sw.js",
        "hashed_secret": "3e476b81cee8f546bc11b1ee33741b66059f9502",
        "is_verified": false,
        "line_number": 1
      },
      {
        "type": "Hex High Entropy String",
        "filename": "apps/web/public/sw.js",
        "hashed_secret": "4ffce2d901bd3d6e58712287a5a08454411c0646",
        "is_verified": false,
        "line_number": 1
      },
      {
        "type": "Hex High Entropy String",
        "filename": "apps/web/public/sw.js",
        "hashed_secret": "5d4cd37d22ab4039e0fecb158f570bf1a4df0865",
        "is_verified": false,
        "line_number": 1
      },
      {
        "type": "Hex High Entropy String",
        "filename": "apps/web/public/sw.js",
        "hashed_secret": "78fdc2085ab36353cb190f64a68296a10dc7ab43",
        "is_verified": false,
        "line_number": 1
      },
      {
        "type": "Hex High Entropy String",
        "filename": "apps/web/public/sw.js",
        "hashed_secret": "81f51e612ef9c83d7e1d9cb79fa5c33a65c8cb33",
        "is_verified": false,
        "line_number": 1
      },
      {
        "type": "Hex High Entropy String",
        "filename": "apps/web/public/sw.js",
        "hashed_secret": "a0cfb98f28adce74cfbea21f647d1be195a4ad23",
        "is_verified": false,
        "line_number": 1
      },
      {
        "type": "Hex High Entropy String",
        "filename": "apps/web/public/sw.js",
        "hashed_secret": "a85cde63326cc5aa66c0a8a78cd490855bf7bb25",
        "is_verified": false,
        "line_number": 1
      },
      {
        "type": "Hex High Entropy String",
        "filename": "apps/web/public/sw.js",
        "hashed_secret": "eb15e8d3d90931d4c5ac0b3955c0b7e13b3225a1",
        "is_verified": false,
        "line_number": 1
      }
    ],
    "packages/lib/src/__tests__/webhook.test.ts": [
      {
        "type": "Secret Keyword",
        "filename": "packages/lib/src/__tests__/webhook.test.ts",
        "hashed_secret": "12201fe5e202883bd45fc97e87366ea05183e0e4",
        "is_verified": false,
        "line_number": 14
      }
    ],
    "packages/lib/src/openai/workloads.js": [
      {
        "type": "Secret Keyword",
        "filename": "packages/lib/src/openai/workloads.js",
        "hashed_secret": "02ecb94373bfb3dfe827ca18409f50b016e8302a",
        "is_verified": false,
        "line_number": 4
      },
      {
        "type": "Secret Keyword",
        "filename": "packages/lib/src/openai/workloads.js",
        "hashed_secret": "782c01544d9b2812f08a4a64f0ac4be00b7f25b3",
        "is_verified": false,
        "line_number": 11
      },
      {
        "type": "Secret Keyword",
        "filename": "packages/lib/src/openai/workloads.js",
        "hashed_secret": "56122a196b1f7c6375ca3ec8b1f2bb20336f641c",
        "is_verified": false,
        "line_number": 18
      }
    ],
    "packages/lib/src/openai/workloads.ts": [
      {
        "type": "Secret Keyword",
        "filename": "packages/lib/src/openai/workloads.ts",
        "hashed_secret": "02ecb94373bfb3dfe827ca18409f50b016e8302a",
        "is_verified": false,
        "line_number": 15
      },
      {
        "type": "Secret Keyword",
        "filename": "packages/lib/src/openai/workloads.ts",
        "hashed_secret": "782c01544d9b2812f08a4a64f0ac4be00b7f25b3",
        "is_verified": false,
        "line_number": 22
      },
      {
        "type": "Secret Keyword",
        "filename": "packages/lib/src/openai/workloads.ts",
        "hashed_secret": "56122a196b1f7c6375ca3ec8b1f2bb20336f641c",
        "is_verified": false,
        "line_number": 29
      }
    ],
    "server/export_openapi.py": [
      {
        "type": "Basic Auth Credentials",
        "filename": "server/export_openapi.py",
        "hashed_secret": "afc848c316af1a89d49826c5ae9d00ed769415f3",
        "is_verified": false,
        "line_number": 21
      }
    ],
    "services/rag/.env.example": [
      {
        "type": "Basic Auth Credentials",
        "filename": "services/rag/.env.example",
        "hashed_secret": "5baa61e4c9b93f3f0682250b6cf8331b7ee68fd8",
        "is_verified": false,
        "line_number": 18
      },
      {
        "type": "Secret Keyword",
        "filename": "services/rag/.env.example",
        "hashed_secret": "ec3810e10fb78db55ce38b9c18d1c3eb1db739e0",
        "is_verified": false,
        "line_number": 22
      }
    ],
    "services/rag/index.ts": [
      {
        "type": "Secret Keyword",
        "filename": "services/rag/index.ts",
        "hashed_secret": "ecb252044b5ea0f679ee78ec1a12904739e2904d",
        "is_verified": false,
        "line_number": 2748
      }
    ],
    "services/rag/knowledge/google-drive-client.ts": [
      {
        "type": "Secret Keyword",
        "filename": "services/rag/knowledge/google-drive-client.ts",
        "hashed_secret": "ecb252044b5ea0f679ee78ec1a12904739e2904d",
        "is_verified": false,
        "line_number": 180
      }
    ]
  },
  "generated_at": "2025-11-01T23:19:45Z"
}
